---
source: crates/mdcore/tests/render_snapshots.rs
expression: "mdcore::render::render_body(&fixture(\"gfm.md\"))"
---
<table><thead><tr><th style="text-align: left">Left</th><th style="text-align: center">Center</th><th style="text-align: right">Right</th></tr></thead><tbody>
<tr><td style="text-align: left">a</td><td style="text-align: center">b</td><td style="text-align: right">c</td></tr>
<tr><td style="text-align: left">longer cell</td><td style="text-align: center">x</td><td style="text-align: right">42</td></tr>
</tbody></table>
<ul>
<li><input disabled="" type="checkbox"/>
unchecked task</li>
<li><input disabled="" type="checkbox" checked=""/>
checked task</li>
</ul>
<p><del>struck through</del></p>
<p>A footnote reference<sup class="footnote-reference"><a href="#1">1</a></sup>.</p>
<div class="footnote-definition" id="1"><sup class="footnote-definition-label">1</sup>
<p>The footnote body.</p>
</div>
